hubot=# select * from channels;
 id | type | channel |  name   | channel_id | slave_id | scene_up_id | scene_down_id | config |         created_at         |         updated_at
----+------+---------+---------+------------+----------+-------------+---------------+--------+----------------------------+----------------------------
  1 | lamp |       0 | ignorar |            |        9 |             |               |        | 2026-05-25 20:48:08.491+00 | 2026-05-25 20:48:08.491+00
(1 row)

hubot=# select * from slaves;
 id |        type        | addr_low | addr_high | channels |                      name                       | color |      code       | clamp_type | aggregate | version | temperature_correction |
                                                                config                                                                                                          |          created_at           |         updated_at
----+--------------------+----------+-----------+----------+-------------------------------------------------+-------+-----------------+------------+-----------+---------+------------------------+-----------------------------------------
--------------------------------------------------------------------------------------------------------------------------------------------------------------------------------+-------------------------------+----------------------------
  1 | three_phase_sensor |       35 |       248 |        3 | 3F 4cantos N_138                                |       | 003-003-003-015 |          0 | t         | 6.0.0   |                        |
                                                                                                                                                                                | 2024-09-06 14:02:54.677573+00 | 2024-09-06 14:03:24.49+00
 16 | three_phase_sensor |      215 |       249 |        3 | 3F ÓticasCarol N_114(AL2)                      |       | 002-002-002-015 |          0 | t         | 6.0.0   |                        |                                          
                                                                                                                                                                              | 2024-09-06 19:30:21.877353+00 | 2024-09-06 19:30:50.527+00
 17 | three_phase_sensor |      129 |       248 |        3 | 3F semLoja N_136(AL2)                           |       | 002-002-002-015 |          0 | t         | 6.0.0   |                        |
                                                                                                                                                                                | 2024-09-06 19:43:24.691301+00 | 2024-09-06 19:44:00.899+00
  2 | three_phase_sensor |      107 |       248 |        3 | 3F Vialaser N_137                               |       | 002-002-002-015 |          0 | t         | 6.0.0   |                        |
                                                                                                                                                                                | 2024-09-06 14:04:14.406522+00 | 2024-09-06 14:20:20.759+00
 18 | three_phase_sensor |      197 |       249 |        3 | 3F Drogasmil N_115/116/117(AL2)                 |       | 003-003-003-015 |          1 | t         | 6.0.0   |                        |
                                                                                                                                                                                | 2024-09-06 19:47:32.716892+00 | 2024-09-06 19:48:39.677+00
  3 | three_phase_sensor |      133 |       248 |        3 | 3F DomettEstudoEstetica N111(al1)               |       | 003-003-003-015 |          0 | t         | 6.0.0   |                        |
                                                                                                                                                                                | 2024-09-06 14:25:46.109328+00 | 2024-09-06 14:27:57.806+00
  4 | three_phase_sensor |       67 |       249 |        3 | 3F Light N_135(AL1)                             |       | 003-003-003-015 |          0 | t         | 6.0.0   |                        |
                                                                                                                                                                                | 2024-09-06 14:45:31.659139+00 | 2024-09-06 14:46:00.575+00
  5 | three_phase_sensor |      104 |       249 |        3 | 3F Ortobom N_107/108/109(AL1)                   |       | 002-002-002-015 |          0 | t         | 6.0.0   |                        |
                                                                                                                                                                                | 2024-09-06 14:46:33.866922+00 | 2024-09-06 14:47:08.477+00
  8 | three_phase_sensor |       14 |       249 |        3 | 3F Portuguesa N_102/103/104(AL1)                |       | 003-003-003-015 |          0 | t         | 6.0.0   |                        |
                                                                                                                                                                                | 2024-09-06 15:26:37.971912+00 | 2024-09-06 15:27:07.834+00
  9 | three_phase_sensor |       50 |       248 |        3 | 3F ViverParque N_134/135/155/156/157(AL1)       |       | 002-002-002-015 |          0 | t         | 6.0.0   |                        |
                                                                                                                                                                                | 2024-09-06 15:29:18.662743+00 | 2024-09-06 15:30:17.559+00
 11 | three_phase_sensor |      254 |       248 |        3 | 3F CasaeVideo N_133A/B/C/D/E(AL1)               |       | 002-002-002-015 |          2 | t         | 6.0.0   |                        |
                                                                                                                                                                                | 2024-09-06 15:57:46.540097+00 | 2024-09-06 15:59:09.573+00
 12 | three_phase_sensor |       56 |       248 |        3 | 3F EstiloNatural N_151(AL2)                     |       | 003-003-003-015 |          0 | t         | 6.0.0   |                        |
                                                                                                                                                                                | 2024-09-06 17:57:27.63117+00  | 2024-09-06 17:58:09.76+00
 13 | three_phase_sensor |       46 |       248 |        3 | 3F Conserte N_152(Al2)                          |       | 002-002-002-015 |          0 | t         | 6.0.0   |                        |
                                                                                                                                                                                | 2024-09-06 18:02:02.200638+00 | 2024-09-06 18:03:05.047+00
 24 | outlet             |      116 |       249 |        2 | Reboot L3                                       |       | 002-002-002-012 |            | t         | 6.0.0   |                        | {"channelConfig":{"channel0":{"slaveId":
24,"channel":0,"channel_type":"REMOTE_INPUT","pulses":1,"output":"HOLDING"},"channel1":{"slaveId":24,"channel":1,"channel_type":"REMOTE_INPUT","pulses":1,"output":"HOLDING"}}} | 2025-07-10 17:17:53.439967+00 | 2025-08-24 21:20:25.68+00
 25 | outlet             |      244 |       249 |        2 | Sw Reborn AL1                                   |       | 002-002-002-012 |            | t         | 6.0.0   |                        |
                                                                                                                                                                                | 2025-08-25 12:49:50.460225+00 | 2025-08-25 12:50:00.838+00
  6 | three_phase_sensor |      102 |       248 |        3 | 3F PetBoutique N_105/106(AL1)                   |       | 002-002-002-015 |          0 | t         | 6.0.0   |                        | {"config_clamp":{"confirmed":true,"value
":0}}                                                                                                                                                                           | 2024-09-06 15:07:40.923448+00 | 2026-04-14 22:51:12.508+00
 20 | outlet             |      112 |       249 |        2 | Sw Reboot L1 Ilha Plaza                         |       | 002-002-002-012 |            | t         | 6.0.0   |                        |
                                                                                                                                                                                | 2025-06-24 02:30:42.535477+00 | 2025-06-24 02:30:58.233+00
 22 | outlet             |       61 |       249 |        2 | Reboot L2 Ilha Plaza                            |       | 002-002-002-012 |            | t         | 6.0.0   |                        |
                                                                                                                                                                                | 2025-06-24 02:30:42.535477+00 | 2025-07-10 17:02:35.831+00
  7 | three_phase_sensor |       88 |       248 |        3 | 3F Don HelioN_104(al1)                          |       | 002-002-002-015 |          0 | t         | 6.0.0   |                        | {"tolerance":0,"min_variance":5,"config_
clamp":{"confirmed":true,"value":0}}                                                                                                                                            | 2024-09-06 15:11:55.739219+00 | 2026-04-15 16:47:55.865+00
 23 | outlet             |      226 |       248 |        2 | reboot L1 L2                                    |       | 002-002-002-012 |            | t         | 6.0.0   |                        |
                                                                                                                                                                                | 2025-07-10 17:17:53.439967+00 | 2025-07-10 17:23:01.531+00
 19 | three_phase_sensor |       24 |       249 |        3 | 3F SantaCor N_101(AL1)                          |       | 003-003-003-015 |          0 | t         | 6.0.0   |                        | {"tolerance": 0,"min_variance": 5}
                                                                                                                                                                                | 2024-09-09 14:43:55.311501+00 | 2024-09-09 14:44:43.848+00
 10 | three_phase_sensor |      115 |       248 |        3 | 3F  FastandFurious N_154(AL1)                   |       | 002-002-002-015 |          0 | t         | 6.0.0   |                        | {"config_clamp":{"confirmed":true,"value
":0}}                                                                                                                                                                           | 2024-09-06 15:55:28.088633+00 | 2026-04-15 17:21:41.943+00
 15 | three_phase_sensor |       87 |       248 |        3 | 3F CaliforniaCoffee N_147(AL1)                  |       | 002-002-002-015 |          0 | t         | 6.0.0   |                        | {"config_clamp":{"confirmed":true,"value
":0}}                                                                                                                                                                           | 2024-09-06 19:05:40.178675+00 | 2025-07-24 14:54:19.859+00
 14 | three_phase_sensor |      178 |       248 |        3 | 3F LizFestaa N_121/122/123/124/125/126/127(AL1) |       | 002-002-002-015 |          0 | t         | 6.0.0   |                        | {"config_clamp":{"confirmed":true,"value
":0}}                                                                                                                                                                           | 2024-09-06 18:34:24.017748+00 | 2025-07-24 15:00:19.444+00
(24 rows)
