# Resultado da query (F) — tabela public.alarm
# Customer: f3455100-8360-11ef-a17c-dfe898a3f1e0 (Obramax Praia Grande)
# Janela: 2026-05-18 00:00:00 a 2026-05-21 00:00:00 GMT-3 (dias 18, 19 e 20)
# Coletado em: 2026-05-20 ~11:50 (GMT-3)
# Origem: INVESTIGACAO_Alarme_OBRAMAX_PraiaGrande.md §9.5 query (F)
# NOTA: a coluna duracao_seg usa end_ts-start_ts; como end_ts nao avanca nestes
#       alarmes, mostra ~0 — a duracao real e clear_ts-start_ts (ver analise no .md §9.6).

id                                  |device_name                                   |device_profile                     |alarm_type              |severity|acknowledged|cleared|inicio                 |ultima_atualizacao     |encerrado_em           |duracao_seg|originator_id                       |
------------------------------------+-----------------------------------------------+------------------------------------+------------------------+--------+------------+-------+-----------------------+-----------------------+-----------------------+-----------+------------------------------------+
9826345a-2da7-45e6-9c7f-4d732b6376d0|Motor Ligado (PG)                             |Obramax - Gerador ligado           |Bomba Ligada            |CRITICAL|false       |false  |2026-05-20 11:50:21.000|2026-05-20 11:50:21.000|                       |       46.5|68c8aee1-f143-11ef-a212-67802bff4221|
74f02e9a-9fec-4c7e-8f88-375745d9211b|Motor Ligado (PG)                             |Obramax - Gerador ligado           |Bomba Ligada            |CRITICAL|false       |true   |2026-05-20 11:46:50.000|2026-05-20 11:46:52.000|2026-05-20 11:50:16.000|        1.8|68c8aee1-f143-11ef-a212-67802bff4221|
986104c4-3880-4567-89c4-a7846493fc46|Auto. Selet. 50% Drive e Cer (H) (PG)         |Obramax - Chaves Seletoras         |Chave seletora em manual|MAJOR   |false       |true   |2026-05-20 11:46:47.000|2026-05-20 11:46:47.000|2026-05-20 11:47:15.000|        0.0|21f74b00-ec69-11ee-9378-6b50e3ef4c75|
640f3372-e810-4d44-bbbe-deb8f12b8bf6|Auto. Selet. 50% Drive e Cer (G) (PG)         |Obramax - Chaves Seletoras         |Chave seletora em manual|MAJOR   |false       |true   |2026-05-20 11:46:47.000|2026-05-20 11:46:47.000|2026-05-20 11:47:15.000|        0.0|21f50110-ec69-11ee-9378-6b50e3ef4c75|
85bcd5a5-d195-466f-b20e-a06ed1055faa|Auto. Selet. 50% Central e Fundo Loja (E) (PG)|Obramax - Chaves Seletoras         |Chave seletora em manual|MAJOR   |false       |true   |2026-05-20 11:46:46.000|2026-05-20 11:46:48.000|2026-05-20 11:50:56.000|        1.3|21cba720-ec69-11ee-9378-6b50e3ef4c75|
d8129274-3a46-42e6-9a78-1a32ac1d2ee6|Auto. Selet. 50% Central e Fundo Loja (F) (PG)|Obramax - Chaves Seletoras         |Chave seletora em manual|MAJOR   |false       |true   |2026-05-20 11:46:46.000|2026-05-20 11:46:48.000|2026-05-20 11:50:56.000|        1.3|21cdf110-ec69-11ee-9378-6b50e3ef4c75|
cd8c6e72-0ffe-4d47-a6ec-f6ebbf511fef|Auto. Selet. Ilum Externa (I) (PG)            |Obramax - Chaves Seletoras         |Chave seletora em manual|MAJOR   |false       |false  |2026-05-20 11:46:46.000|2026-05-20 11:46:46.000|                       |      261.7|3811af70-ead9-11ee-8327-cfc6eea1d65a|
0d62eeae-ce57-4076-92c9-eb80481fac58|Motor Ligado (PG)                             |Obramax - Gerador ligado           |Bomba Ligada            |CRITICAL|false       |true   |2026-05-20 11:28:11.000|2026-05-20 11:28:11.000|2026-05-20 11:28:18.000|        0.0|68c8aee1-f143-11ef-a212-67802bff4221|
61adb498-f76c-409e-b85c-ccf086902e7f|Motor Ligado (PG)                             |Obramax - Gerador ligado           |Bomba Ligada            |CRITICAL|false       |true   |2026-05-20 11:22:10.000|2026-05-20 11:22:10.000|2026-05-20 11:27:26.000|        0.0|68c8aee1-f143-11ef-a212-67802bff4221|
6680a27f-c50a-4fef-93a5-6b8179683bc2|Motor Ligado (PG)                             |Obramax - Gerador ligado           |Bomba Ligada            |CRITICAL|false       |true   |2026-05-20 11:16:37.000|2026-05-20 11:16:37.000|2026-05-20 11:22:03.000|        0.0|68c8aee1-f143-11ef-a212-67802bff4221|
bd427e67-ef75-46e3-a3c4-99849ec82d2d|Motor Ligado (PG)                             |Obramax - Gerador ligado           |Bomba Ligada            |CRITICAL|false       |true   |2026-05-20 11:15:59.000|2026-05-20 11:15:59.000|2026-05-20 11:16:31.000|        0.0|68c8aee1-f143-11ef-a212-67802bff4221|
c4d4848b-a478-4942-a353-6347cbf68400|Auto. Ar Exter ADM (PG)                       |Obramax - Chaves Seletoras         |Chave seletora em manual|MAJOR   |false       |true   |2026-05-20 07:42:57.000|2026-05-20 07:43:14.000|2026-05-20 07:43:44.000|       16.8|44e8e2e0-ead9-11ee-8327-cfc6eea1d65a|
9536a97c-f81b-4967-8ab0-b72ac803bb50|Aut. Selet. Exaust (PG)                       |Obramax - Chaves Seletoras         |Chave seletora em manual|MAJOR   |false       |false  |2026-05-20 06:52:00.000|2026-05-20 11:47:09.000|                       |    17947.7|11a0fcb0-ead9-11ee-8327-cfc6eea1d65a|
c3fbf72b-1a19-49d9-a5a5-b0717be31488|Auto. Selet. Ilum Externa (I) (PG)            |Obramax - Chaves Seletoras         |Chave seletora em manual|MAJOR   |false       |true   |2026-05-20 03:28:04.000|2026-05-20 03:28:04.000|2026-05-20 03:29:58.000|        0.0|3811af70-ead9-11ee-8327-cfc6eea1d65a|
c154219b-c063-458e-b3fe-df5ef56368c5|Auto. Selet. 50% Frente Loja (D) (PG)         |Obramax - Chaves Seletoras         |Chave seletora em manual|MAJOR   |false       |true   |2026-05-20 03:28:04.000|2026-05-20 03:28:04.000|2026-05-20 03:33:33.000|        0.0|221ea920-ec69-11ee-9378-6b50e3ef4c75|
4767ee57-b9a6-40af-91c4-b81ae1f35a2e|Auto. Selet. 50% Frente Loja (C) (PG)         |Obramax - Chaves Seletoras         |Chave seletora em manual|MAJOR   |false       |true   |2026-05-20 03:28:04.000|2026-05-20 03:28:04.000|2026-05-20 03:33:33.000|        0.0|221affa0-ec69-11ee-9378-6b50e3ef4c75|
7444eef1-0efb-47dd-904c-a20f4efc51ba|Aut. Selet. 2 (PG)                            |Obramax - Chaves Seletoras         |Chave seletora em manual|MAJOR   |false       |true   |2026-05-20 03:28:04.000|2026-05-20 03:28:04.000|2026-05-20 03:29:38.000|        0.0|04991c50-ead9-11ee-8327-cfc6eea1d65a|
dcccb2d2-6a6b-4bf3-8fef-963294d9c9cb|Aut. Selet. 1 (PG)                            |Obramax - Chaves Seletoras         |Chave seletora em manual|MAJOR   |false       |true   |2026-05-20 03:28:04.000|2026-05-20 03:28:04.000|2026-05-20 03:29:38.000|        0.0|04980ae0-ead9-11ee-8327-cfc6eea1d65a|
e6614125-1d65-4e0b-b928-4f956b318b14|Auto. Selet. Ilum Externa (I) (PG)            |Obramax - Chaves Seletoras         |Chave seletora em manual|MAJOR   |false       |true   |2026-05-20 03:16:56.000|2026-05-20 03:16:56.000|2026-05-20 03:18:59.000|        0.0|3811af70-ead9-11ee-8327-cfc6eea1d65a|
acf372de-1b23-42c8-99b1-b390b5b44911|Auto. Selet. 50% Central e Fundo Loja (F) (PG)|Obramax - Chaves Seletoras         |Chave seletora em manual|MAJOR   |false       |true   |2026-05-20 03:16:56.000|2026-05-20 03:16:56.000|2026-05-20 03:18:18.000|        0.0|21cdf110-ec69-11ee-9378-6b50e3ef4c75|
aa6e1905-7824-4f74-b7c1-b5f117c6441d|Auto. Selet. 50% Central e Fundo Loja (E) (PG)|Obramax - Chaves Seletoras         |Chave seletora em manual|MAJOR   |false       |true   |2026-05-20 03:16:56.000|2026-05-20 03:16:56.000|2026-05-20 03:18:18.000|        0.0|21cba720-ec69-11ee-9378-6b50e3ef4c75|
097228b6-f5b0-4f6c-8a18-f778b59e97c9|Auto. Selet. 50% Drive e Cer (H) (PG)         |Obramax - Chaves Seletoras         |Chave seletora em manual|MAJOR   |false       |true   |2026-05-20 03:16:56.000|2026-05-20 03:16:56.000|2026-05-20 03:20:03.000|        0.0|21f74b00-ec69-11ee-9378-6b50e3ef4c75|
18077847-17eb-4fb5-8fa5-526bdd10fca0|Auto. Selet. 50% Drive e Cer (G) (PG)         |Obramax - Chaves Seletoras         |Chave seletora em manual|MAJOR   |false       |true   |2026-05-20 03:16:56.000|2026-05-20 03:16:56.000|2026-05-20 03:20:03.000|        0.0|21f50110-ec69-11ee-9378-6b50e3ef4c75|
02e59706-ecb8-4a5f-bd27-736bc438fefb|Potável (PG)                                  |Obramax - Nível Caixa D'agua       |Nível Máximo Atingido   |CRITICAL|false       |true   |2026-05-20 01:52:55.000|2026-05-20 01:52:55.000|2026-05-20 02:03:51.000|        0.0|dc6f08d0-f38c-11ef-a212-67802bff4221|
18e3064c-0906-49a8-a57b-c3aafe34b0b3|QGBT (PG)                                     |Obramax Praia Grande - QGBT        |Estouro de Demanda      |CRITICAL|false       |true   |2026-05-19 19:22:05.000|2026-05-20 11:45:38.000|2026-05-20 11:48:14.000|    59012.5|846c6c20-e7e1-11ee-8327-cfc6eea1d65a|
38ef9463-9499-4c5b-a240-970ce0e76f5d|Auto. Selet. Ilum Externa (I) (PG)            |Obramax - Chaves Seletoras         |Chave seletora em manual|MAJOR   |false       |true   |2026-05-19 19:20:00.000|2026-05-19 19:20:00.000|2026-05-19 19:23:33.000|        0.0|3811af70-ead9-11ee-8327-cfc6eea1d65a|
96b662c1-0172-4678-9150-6ff552a88f3d|Auto. Selet. 50% Drive e Cer (G) (PG)         |Obramax - Chaves Seletoras         |Chave seletora em manual|MAJOR   |false       |true   |2026-05-19 19:20:00.000|2026-05-19 19:20:01.000|2026-05-19 19:24:35.000|        1.1|21f50110-ec69-11ee-9378-6b50e3ef4c75|
8b5df063-4d75-4e23-b119-38de4ab33da3|Auto. Selet. 50% Drive e Cer (H) (PG)         |Obramax - Chaves Seletoras         |Chave seletora em manual|MAJOR   |false       |true   |2026-05-19 19:20:00.000|2026-05-19 19:20:01.000|2026-05-19 19:24:35.000|        1.5|21f74b00-ec69-11ee-9378-6b50e3ef4c75|
8b6b4563-b83e-4269-a370-aab7600971ff|Auto. Selet. Depósito (PG)                    |Obramax - Chaves Seletoras         |Chave seletora em manual|MAJOR   |false       |true   |2026-05-19 19:20:00.000|2026-05-19 19:20:00.000|2026-05-19 19:21:42.000|        0.0|7f4b7b00-ead9-11ee-8327-cfc6eea1d65a|
ce67ce65-3f20-4222-aea9-7b19b481e3d8|Auto. Selet. 50% Central e Fundo Loja (F) (PG)|Obramax - Chaves Seletoras         |Chave seletora em manual|MAJOR   |false       |true   |2026-05-19 19:20:00.000|2026-05-19 19:20:01.000|2026-05-19 19:22:51.000|        1.1|21cdf110-ec69-11ee-9378-6b50e3ef4c75|
9e288458-30e8-4456-9f9b-244634e196c8|Auto. Selet. 50% Central e Fundo Loja (E) (PG)|Obramax - Chaves Seletoras         |Chave seletora em manual|MAJOR   |false       |true   |2026-05-19 19:20:00.000|2026-05-19 19:20:01.000|2026-05-19 19:22:51.000|        1.5|21cba720-ec69-11ee-9378-6b50e3ef4c75|
d0903b87-35c8-4a2e-8ca4-275cc1372dfd|Motor Ligado (PG)                             |Obramax - Gerador ligado           |Bomba Ligada            |CRITICAL|false       |true   |2026-05-19 19:16:39.000|2026-05-19 19:16:44.000|2026-05-19 19:20:02.000|        4.5|68c8aee1-f143-11ef-a212-67802bff4221|
9d1c07b1-f19d-44ca-b105-9336d53b05d6|Potável (PG)                                  |Obramax - Nível Caixa D'agua       |Nível Mínimo Atingido   |CRITICAL|false       |true   |2026-05-19 19:16:38.000|2026-05-19 19:16:38.000|2026-05-19 19:22:02.000|        0.0|dc6f08d0-f38c-11ef-a212-67802bff4221|
c81a4d5d-5b8d-4907-b01a-6ddda354d062|Auto. Selet. 50% Drive e Cer (G) (PG)         |Obramax - Chaves Seletoras         |Chave seletora em manual|MAJOR   |false       |true   |2026-05-19 19:16:37.000|2026-05-19 19:16:37.000|2026-05-19 19:19:04.000|        0.0|21f50110-ec69-11ee-9378-6b50e3ef4c75|
2eb5a391-026e-4800-96d2-492adc579595|Auto. Selet. 50% Drive e Cer (H) (PG)         |Obramax - Chaves Seletoras         |Chave seletora em manual|MAJOR   |false       |true   |2026-05-19 19:16:37.000|2026-05-19 19:16:37.000|2026-05-19 19:19:04.000|        0.0|21f74b00-ec69-11ee-9378-6b50e3ef4c75|
16bb741d-5b8a-4fb4-af92-553c4af14e7e|Auto. Selet. 50% Frente Loja (D) (PG)         |Obramax - Chaves Seletoras         |Chave seletora em manual|MAJOR   |false       |true   |2026-05-19 19:16:36.000|2026-05-19 19:16:38.000|2026-05-19 19:21:35.000|        1.3|221ea920-ec69-11ee-9378-6b50e3ef4c75|
42538555-c120-4712-a400-c89601b0dc27|Auto. Selet. 50% Frente Loja (C) (PG)         |Obramax - Chaves Seletoras         |Chave seletora em manual|MAJOR   |false       |true   |2026-05-19 19:16:36.000|2026-05-19 19:16:38.000|2026-05-19 19:21:35.000|        1.3|221affa0-ec69-11ee-9378-6b50e3ef4c75|
b9b7f271-3a62-4276-a0f8-a27d9d960fa9|QGBT (PG)                                     |Obramax Praia Grande - QGBT        |Estouro de Demanda      |CRITICAL|false       |true   |2026-05-19 17:27:18.000|2026-05-19 19:14:15.000|2026-05-19 19:16:52.000|     6417.7|846c6c20-e7e1-11ee-8327-cfc6eea1d65a|
99cd4a6a-721a-4974-b529-2a4dbb917ed4|Potável (PG)                                  |Obramax - Nível Caixa D'agua       |Nível Mínimo Atingido   |CRITICAL|false       |true   |2026-05-19 17:24:37.000|2026-05-19 17:28:02.000|2026-05-19 17:31:02.000|      204.1|dc6f08d0-f38c-11ef-a212-67802bff4221|
b78f51a9-b33c-4432-aff3-3a88ad588620|Auto. Selet. 50% Drive e Cer (H) (PG)         |Obramax - Chaves Seletoras         |Chave seletora em manual|MAJOR   |false       |true   |2026-05-19 17:24:36.000|2026-05-19 17:24:36.000|2026-05-19 17:27:55.000|        0.0|21f74b00-ec69-11ee-9378-6b50e3ef4c75|
67355951-86c3-4cb0-8c4e-99343dfd42bf|Auto. Selet. 50% Drive e Cer (G) (PG)         |Obramax - Chaves Seletoras         |Chave seletora em manual|MAJOR   |false       |true   |2026-05-19 17:24:36.000|2026-05-19 17:24:36.000|2026-05-19 17:27:55.000|        0.0|21f50110-ec69-11ee-9378-6b50e3ef4c75|
068f6cca-2acf-4ef5-bc51-7e3e913ac4a5|Auto. Selet. 50% Frente Loja (D) (PG)         |Obramax - Chaves Seletoras         |Chave seletora em manual|MAJOR   |false       |true   |2026-05-19 17:24:36.000|2026-05-19 17:24:36.000|2026-05-19 17:24:53.000|        0.0|221ea920-ec69-11ee-9378-6b50e3ef4c75|
9a2698f8-1aab-4f9f-8def-fb8643de13a8|Auto. Selet. 50% Frente Loja (C) (PG)         |Obramax - Chaves Seletoras         |Chave seletora em manual|MAJOR   |false       |true   |2026-05-19 17:24:36.000|2026-05-19 17:24:36.000|2026-05-19 17:24:53.000|        0.0|221affa0-ec69-11ee-9378-6b50e3ef4c75|
876d9a87-2c34-4d2b-980c-ca518ba372ef|Motor Ligado (PG)                             |Obramax - Gerador ligado           |Bomba Ligada            |CRITICAL|false       |true   |2026-05-19 16:16:52.000|2026-05-19 16:16:52.000|2026-05-19 16:16:54.000|        0.0|68c8aee1-f143-11ef-a212-67802bff4221|
51ad730f-fe7f-44f3-bf80-a8e594946617|Potável (PG)                                  |Obramax - Nível Caixa D'agua       |Nível Mínimo Atingido   |CRITICAL|false       |true   |2026-05-19 16:16:48.000|2026-05-19 16:16:48.000|2026-05-19 16:22:02.000|        0.0|dc6f08d0-f38c-11ef-a212-67802bff4221|
32e6a48f-1189-4531-8703-8b1be9f41411|Aut. Split 3 (PG)                             |Obramax - Chaves Seletoras         |Chave seletora em manual|MAJOR   |false       |true   |2026-05-19 16:16:47.000|2026-05-19 16:16:47.000|2026-05-19 16:17:25.000|        0.0|21de44c0-ec69-11ee-9378-6b50e3ef4c75|
c2f21d9d-0f1a-4f47-859f-cea449637b38|Aut. Split 2 (PG)                             |Obramax - Chaves Seletoras         |Chave seletora em manual|MAJOR   |false       |true   |2026-05-19 16:16:47.000|2026-05-19 16:16:47.000|2026-05-19 16:17:25.000|        0.0|21dfcb60-ec69-11ee-9378-6b50e3ef4c75|
f2de6aaf-0a2c-43b6-a10c-b9abf7a834d4|Auto. Selet. 50% Central e Fundo Loja (F) (PG)|Obramax - Chaves Seletoras         |Chave seletora em manual|MAJOR   |false       |true   |2026-05-19 16:16:47.000|2026-05-19 16:16:47.000|2026-05-19 16:19:57.000|        0.0|21cdf110-ec69-11ee-9378-6b50e3ef4c75|
28004b91-f76f-4693-8a69-b3c4dc90ed0c|Auto. Selet. 50% Central e Fundo Loja (E) (PG)|Obramax - Chaves Seletoras         |Chave seletora em manual|MAJOR   |false       |true   |2026-05-19 16:16:47.000|2026-05-19 16:16:47.000|2026-05-19 16:19:57.000|        0.0|21cba720-ec69-11ee-9378-6b50e3ef4c75|
e5c13d34-9e9c-41fd-8788-aa5940a32842|Auto. Selet. 50% Drive e Cer (G) (PG)         |Obramax - Chaves Seletoras         |Chave seletora em manual|MAJOR   |false       |true   |2026-05-19 16:16:46.000|2026-05-19 16:16:48.000|2026-05-19 16:27:14.000|        1.1|21f50110-ec69-11ee-9378-6b50e3ef4c75|
9c217d10-ace2-431c-8ac9-fc91f1134a45|Auto. Selet. 50% Drive e Cer (H) (PG)         |Obramax - Chaves Seletoras         |Chave seletora em manual|MAJOR   |false       |true   |2026-05-19 16:16:46.000|2026-05-19 16:16:48.000|2026-05-19 16:27:14.000|        1.3|21f74b00-ec69-11ee-9378-6b50e3ef4c75|
601b340b-25aa-42e1-83c7-7419d935b299|Auto. Selet. Ilum Externa (I) (PG)            |Obramax - Chaves Seletoras         |Chave seletora em manual|MAJOR   |false       |true   |2026-05-19 16:16:46.000|2026-05-19 16:16:46.000|2026-05-19 16:20:40.000|        0.0|3811af70-ead9-11ee-8327-cfc6eea1d65a|
d141d3d8-5743-4681-854e-d86d2fb2908d|Rede (PG)                                     |Obramax - Geradores - Falta de Fase|Falta de Fase no Gerador|CRITICAL|false       |false  |2026-05-19 07:33:06.000|2026-05-20 11:46:26.000|                       |   101882.0|5226a330-0021-11f0-9baa-8137e6ac9d72|
7dac9afa-91c8-4745-8cc7-d3e386dbfa9f|Reuso (PG)                                    |Obramax - Nível Caixa D'agua       |Nível Mínimo Atingido   |CRITICAL|false       |true   |2026-05-19 07:30:17.000|2026-05-19 07:34:01.000|2026-05-19 07:37:01.000|      224.3|dfdabc80-f38c-11ef-a212-67802bff4221|
edf03711-0fa6-47f7-8d23-c7c4e33d2b52|Auto. Selet. 50% Drive e Cer (H) (PG)         |Obramax - Chaves Seletoras         |Chave seletora em manual|MAJOR   |false       |true   |2026-05-19 07:30:16.000|2026-05-19 07:30:16.000|2026-05-19 07:33:48.000|        0.0|21f74b00-ec69-11ee-9378-6b50e3ef4c75|
4ecfca37-d9f1-4a3d-b3a4-319c5d1e0938|Auto. Selet. 50% Drive e Cer (G) (PG)         |Obramax - Chaves Seletoras         |Chave seletora em manual|MAJOR   |false       |true   |2026-05-19 07:30:16.000|2026-05-19 07:30:16.000|2026-05-19 07:33:48.000|        0.0|21f50110-ec69-11ee-9378-6b50e3ef4c75|
3327fd59-de68-4fc0-8053-9133eeae9f33|Auto. Selet. 50% Central e Fundo Loja (F) (PG)|Obramax - Chaves Seletoras         |Chave seletora em manual|MAJOR   |false       |true   |2026-05-19 07:30:16.000|2026-05-19 07:30:16.000|2026-05-19 07:32:04.000|        0.0|21cdf110-ec69-11ee-9378-6b50e3ef4c75|
1a5b9e29-e468-4c28-827c-3fd38cb54f5c|Auto. Selet. 50% Central e Fundo Loja (E) (PG)|Obramax - Chaves Seletoras         |Chave seletora em manual|MAJOR   |false       |true   |2026-05-19 07:30:16.000|2026-05-19 07:30:16.000|2026-05-19 07:32:04.000|        0.0|21cba720-ec69-11ee-9378-6b50e3ef4c75|
19b5ab84-ef78-4dd5-929e-339715db5b02|Auto. Selet. Ilum Externa (I) (PG)            |Obramax - Chaves Seletoras         |Chave seletora em manual|MAJOR   |false       |true   |2026-05-19 07:30:15.000|2026-05-19 07:30:15.000|2026-05-19 07:32:45.000|        0.0|3811af70-ead9-11ee-8327-cfc6eea1d65a|
56191d51-f4e0-4bf9-a4f7-18c26bc6471d|Motor Ligado (PG)                             |Obramax - Gerador ligado           |Bomba Ligada            |CRITICAL|false       |true   |2026-05-19 07:25:56.000|2026-05-19 07:25:56.000|2026-05-19 07:30:16.000|        0.0|68c8aee1-f143-11ef-a212-67802bff4221|
0c550649-fa82-4302-8cc5-3fea082eb650|Motor Ligado (PG)                             |Obramax - Gerador ligado           |Bomba Ligada            |CRITICAL|false       |true   |2026-05-19 07:20:24.000|2026-05-19 07:20:24.000|2026-05-19 07:25:49.000|        0.0|68c8aee1-f143-11ef-a212-67802bff4221|
da7efc60-606f-4a90-b054-828647dd9e61|Motor Ligado (PG)                             |Obramax - Gerador ligado           |Bomba Ligada            |CRITICAL|false       |true   |2026-05-19 07:14:51.000|2026-05-19 07:14:51.000|2026-05-19 07:20:17.000|        0.0|68c8aee1-f143-11ef-a212-67802bff4221|
b255edfb-6d24-45de-ae9d-5bddd37cb6c7|Motor Ligado (PG)                             |Obramax - Gerador ligado           |Bomba Ligada            |CRITICAL|false       |true   |2026-05-19 07:09:18.000|2026-05-19 07:09:18.000|2026-05-19 07:14:44.000|        0.0|68c8aee1-f143-11ef-a212-67802bff4221|
21e51564-652e-4d48-9a4e-453ab683055a|Motor Ligado (PG)                             |Obramax - Gerador ligado           |Bomba Ligada            |CRITICAL|false       |true   |2026-05-19 07:03:45.000|2026-05-19 07:03:45.000|2026-05-19 07:09:11.000|        0.0|68c8aee1-f143-11ef-a212-67802bff4221|
b0f1f345-3678-4a44-ae04-6246617b0859|Motor Ligado (PG)                             |Obramax - Gerador ligado           |Bomba Ligada            |CRITICAL|false       |true   |2026-05-19 06:56:29.000|2026-05-19 06:56:29.000|2026-05-19 07:03:38.000|        0.0|68c8aee1-f143-11ef-a212-67802bff4221|
bacf56f0-567c-45c3-9044-b4ed1859ec45|Motor Ligado (PG)                             |Obramax - Gerador ligado           |Bomba Ligada            |CRITICAL|false       |true   |2026-05-19 06:49:05.000|2026-05-19 06:49:05.000|2026-05-19 06:56:22.000|        0.0|68c8aee1-f143-11ef-a212-67802bff4221|
c938b4cb-d680-4543-848c-f8815c07d521|Motor Ligado (PG)                             |Obramax - Gerador ligado           |Bomba Ligada            |CRITICAL|false       |true   |2026-05-19 06:41:28.000|2026-05-19 06:41:28.000|2026-05-19 06:48:58.000|        0.0|68c8aee1-f143-11ef-a212-67802bff4221|
6e7a5477-85b0-43fc-af4f-4742c351b489|Motor Ligado (PG)                             |Obramax - Gerador ligado           |Bomba Ligada            |CRITICAL|false       |true   |2026-05-19 06:33:50.000|2026-05-19 06:33:50.000|2026-05-19 06:41:21.000|        0.0|68c8aee1-f143-11ef-a212-67802bff4221|
06495859-fc7e-49a4-8da5-e5201865a392|Motor Ligado (PG)                             |Obramax - Gerador ligado           |Bomba Ligada            |CRITICAL|false       |true   |2026-05-19 06:26:15.000|2026-05-19 06:26:15.000|2026-05-19 06:33:43.000|        0.0|68c8aee1-f143-11ef-a212-67802bff4221|
ba316045-742e-469b-81ed-f867cfe49478|Motor Ligado (PG)                             |Obramax - Gerador ligado           |Bomba Ligada            |CRITICAL|false       |true   |2026-05-19 06:19:30.000|2026-05-19 06:19:30.000|2026-05-19 06:25:45.000|        0.0|68c8aee1-f143-11ef-a212-67802bff4221|
2b745593-06c7-4bca-9008-95c54e8d970e|Motor Ligado (PG)                             |Obramax - Gerador ligado           |Bomba Ligada            |CRITICAL|false       |true   |2026-05-19 06:11:53.000|2026-05-19 06:11:53.000|2026-05-19 06:19:23.000|        0.0|68c8aee1-f143-11ef-a212-67802bff4221|
a613f28c-3b47-4f3e-97f9-c4f14461578a|Motor Ligado (PG)                             |Obramax - Gerador ligado           |Bomba Ligada            |CRITICAL|false       |true   |2026-05-19 06:04:15.000|2026-05-19 06:04:15.000|2026-05-19 06:11:46.000|        0.0|68c8aee1-f143-11ef-a212-67802bff4221|
84aecc32-809c-4e18-9355-8e4967e88689|Motor Ligado (PG)                             |Obramax - Gerador ligado           |Bomba Ligada            |CRITICAL|false       |true   |2026-05-19 05:55:07.000|2026-05-19 05:55:07.000|2026-05-19 06:04:08.000|        0.0|68c8aee1-f143-11ef-a212-67802bff4221|
53d9e34d-21b5-4d0a-9ee4-6a22a90b4242|Motor Ligado (PG)                             |Obramax - Gerador ligado           |Bomba Ligada            |CRITICAL|false       |true   |2026-05-19 05:46:56.000|2026-05-19 05:46:56.000|2026-05-19 05:55:01.000|        0.0|68c8aee1-f143-11ef-a212-67802bff4221|
6ab35af3-bdbb-439f-97d4-3049007db2fc|Motor Ligado (PG)                             |Obramax - Gerador ligado           |Bomba Ligada            |CRITICAL|false       |true   |2026-05-19 05:37:55.000|2026-05-19 05:37:55.000|2026-05-19 05:46:07.000|        0.0|68c8aee1-f143-11ef-a212-67802bff4221|
e355c2c7-2a15-4945-9be0-cc0539bb3ac7|Motor Ligado (PG)                             |Obramax - Gerador ligado           |Bomba Ligada            |CRITICAL|false       |true   |2026-05-19 05:28:54.000|2026-05-19 05:28:54.000|2026-05-19 05:37:48.000|        0.0|68c8aee1-f143-11ef-a212-67802bff4221|
62888ff8-40f3-4e42-8c17-55d9e91750de|Motor Ligado (PG)                             |Obramax - Gerador ligado           |Bomba Ligada            |CRITICAL|false       |true   |2026-05-19 05:20:49.000|2026-05-19 05:20:49.000|2026-05-19 05:28:47.000|        0.0|68c8aee1-f143-11ef-a212-67802bff4221|
b2d517af-0c30-4432-9eff-6c88532430d5|Motor Ligado (PG)                             |Obramax - Gerador ligado           |Bomba Ligada            |CRITICAL|false       |true   |2026-05-19 05:12:50.000|2026-05-19 05:12:50.000|2026-05-19 05:20:42.000|        0.0|68c8aee1-f143-11ef-a212-67802bff4221|
4f57b252-8418-4c5a-ad28-aaf4527bbdbb|Motor Ligado (PG)                             |Obramax - Gerador ligado           |Bomba Ligada            |CRITICAL|false       |true   |2026-05-19 05:04:10.000|2026-05-19 05:04:10.000|2026-05-19 05:12:44.000|        0.0|68c8aee1-f143-11ef-a212-67802bff4221|
c38530ed-f8c9-4d5f-bb3c-6aa553975153|Motor Ligado (PG)                             |Obramax - Gerador ligado           |Bomba Ligada            |CRITICAL|false       |true   |2026-05-19 04:56:05.000|2026-05-19 04:56:05.000|2026-05-19 05:04:04.000|        0.0|68c8aee1-f143-11ef-a212-67802bff4221|
008bf2d2-1868-47d4-9197-3c3fe591d836|Motor Ligado (PG)                             |Obramax - Gerador ligado           |Bomba Ligada            |CRITICAL|false       |true   |2026-05-19 04:48:00.000|2026-05-19 04:48:00.000|2026-05-19 04:55:58.000|        0.0|68c8aee1-f143-11ef-a212-67802bff4221|
d82b79d7-fe67-44ed-b7c8-4790393e690c|Motor Ligado (PG)                             |Obramax - Gerador ligado           |Bomba Ligada            |CRITICAL|false       |true   |2026-05-19 04:39:27.000|2026-05-19 04:39:27.000|2026-05-19 04:47:53.000|        0.0|68c8aee1-f143-11ef-a212-67802bff4221|
93d9bd1a-909f-498b-95f0-72b4fece86c3|Motor Ligado (PG)                             |Obramax - Gerador ligado           |Bomba Ligada            |CRITICAL|false       |true   |2026-05-19 04:31:28.000|2026-05-19 04:31:28.000|2026-05-19 04:39:20.000|        0.0|68c8aee1-f143-11ef-a212-67802bff4221|
711259be-afe8-47a6-91e6-a46b3dc95c71|Motor Ligado (PG)                             |Obramax - Gerador ligado           |Bomba Ligada            |CRITICAL|false       |true   |2026-05-19 04:23:16.000|2026-05-19 04:23:16.000|2026-05-19 04:31:22.000|        0.0|68c8aee1-f143-11ef-a212-67802bff4221|
8970ad25-faf9-41e7-9867-daf412023283|Motor Ligado (PG)                             |Obramax - Gerador ligado           |Bomba Ligada            |CRITICAL|false       |true   |2026-05-19 04:14:36.000|2026-05-19 04:14:36.000|2026-05-19 04:23:09.000|        0.0|68c8aee1-f143-11ef-a212-67802bff4221|
87811c3d-6a5e-48b6-a4f8-eed15e5093d5|Motor Ligado (PG)                             |Obramax - Gerador ligado           |Bomba Ligada            |CRITICAL|false       |true   |2026-05-19 04:06:31.000|2026-05-19 04:06:31.000|2026-05-19 04:14:29.000|        0.0|68c8aee1-f143-11ef-a212-67802bff4221|
1826f38b-e364-479d-8379-3668a5ad9384|Motor Ligado (PG)                             |Obramax - Gerador ligado           |Bomba Ligada            |CRITICAL|false       |true   |2026-05-19 03:59:14.000|2026-05-19 03:59:14.000|2026-05-19 04:06:24.000|        0.0|68c8aee1-f143-11ef-a212-67802bff4221|
268808f9-495e-487f-8a92-52529943b887|Motor Ligado (PG)                             |Obramax - Gerador ligado           |Bomba Ligada            |CRITICAL|false       |true   |2026-05-19 03:51:44.000|2026-05-19 03:51:44.000|2026-05-19 03:59:08.000|        0.0|68c8aee1-f143-11ef-a212-67802bff4221|
88a8e744-bf62-4f22-a92d-d404f5374957|Motor Ligado (PG)                             |Obramax - Gerador ligado           |Bomba Ligada            |CRITICAL|false       |true   |2026-05-19 03:43:59.000|2026-05-19 03:43:59.000|2026-05-19 03:51:37.000|        0.0|68c8aee1-f143-11ef-a212-67802bff4221|
e7717215-3309-46d1-a292-bea9bd206044|Motor Ligado (PG)                             |Obramax - Gerador ligado           |Bomba Ligada            |CRITICAL|false       |true   |2026-05-19 03:36:28.000|2026-05-19 03:36:28.000|2026-05-19 03:43:53.000|        0.0|68c8aee1-f143-11ef-a212-67802bff4221|
e0debe8f-b235-4b35-9bb3-c919a16691ec|Motor Ligado (PG)                             |Obramax - Gerador ligado           |Bomba Ligada            |CRITICAL|false       |true   |2026-05-19 03:29:12.000|2026-05-19 03:29:12.000|2026-05-19 03:36:22.000|        0.0|68c8aee1-f143-11ef-a212-67802bff4221|
bf07b5a6-93f9-4ede-9913-7bfdc0532b5b|Motor Ligado (PG)                             |Obramax - Gerador ligado           |Bomba Ligada            |CRITICAL|false       |true   |2026-05-19 03:21:34.000|2026-05-19 03:21:34.000|2026-05-19 03:29:05.000|        0.0|68c8aee1-f143-11ef-a212-67802bff4221|
8f4f555b-f3ec-4ab6-8f04-e127e3d11d33|Motor Ligado (PG)                             |Obramax - Gerador ligado           |Bomba Ligada            |CRITICAL|false       |true   |2026-05-19 03:14:04.000|2026-05-19 03:14:04.000|2026-05-19 03:21:27.000|        0.0|68c8aee1-f143-11ef-a212-67802bff4221|
ecd3e63b-70bd-43de-8e71-771c46049f49|Motor Ligado (PG)                             |Obramax - Gerador ligado           |Bomba Ligada            |CRITICAL|false       |true   |2026-05-19 03:06:40.000|2026-05-19 03:06:40.000|2026-05-19 03:13:57.000|        0.0|68c8aee1-f143-11ef-a212-67802bff4221|
581c66d2-2ba9-4431-9fa6-4f6e844ff5e6|Motor Ligado (PG)                             |Obramax - Gerador ligado           |Bomba Ligada            |CRITICAL|false       |true   |2026-05-19 02:59:16.000|2026-05-19 02:59:16.000|2026-05-19 03:06:33.000|        0.0|68c8aee1-f143-11ef-a212-67802bff4221|
9c1be022-e7dc-45fc-a57d-6fe8a9a2d62e|Motor Ligado (PG)                             |Obramax - Gerador ligado           |Bomba Ligada            |CRITICAL|false       |true   |2026-05-19 02:52:13.000|2026-05-19 02:52:13.000|2026-05-19 02:59:10.000|        0.0|68c8aee1-f143-11ef-a212-67802bff4221|
3101224a-4a70-471a-a35e-1fb46ad60adc|Motor Ligado (PG)                             |Obramax - Gerador ligado           |Bomba Ligada            |CRITICAL|false       |true   |2026-05-19 02:44:50.000|2026-05-19 02:44:50.000|2026-05-19 02:51:46.000|        0.0|68c8aee1-f143-11ef-a212-67802bff4221|
d9ff3443-ef73-462a-921b-1b7a7883a6c0|Motor Ligado (PG)                             |Obramax - Gerador ligado           |Bomba Ligada            |CRITICAL|false       |true   |2026-05-19 02:37:26.000|2026-05-19 02:37:26.000|2026-05-19 02:44:15.000|        0.0|68c8aee1-f143-11ef-a212-67802bff4221|
306cfc9e-20ef-4cf9-ad1a-d09c73edaf68|Motor Ligado (PG)                             |Obramax - Gerador ligado           |Bomba Ligada            |CRITICAL|false       |true   |2026-05-19 02:29:56.000|2026-05-19 02:29:56.000|2026-05-19 02:37:19.000|        0.0|68c8aee1-f143-11ef-a212-67802bff4221|
5313aeae-bd29-45fb-9be7-59b94bf424ae|Motor Ligado (PG)                             |Obramax - Gerador ligado           |Bomba Ligada            |CRITICAL|false       |true   |2026-05-19 02:22:39.000|2026-05-19 02:22:39.000|2026-05-19 02:29:49.000|        0.0|68c8aee1-f143-11ef-a212-67802bff4221|
f14f2026-8b21-41ec-a7dc-3b9f9943065e|Motor Ligado (PG)                             |Obramax - Gerador ligado           |Bomba Ligada            |CRITICAL|false       |true   |2026-05-19 02:15:01.000|2026-05-19 02:15:01.000|2026-05-19 02:22:32.000|        0.0|68c8aee1-f143-11ef-a212-67802bff4221|
0b6fbf0a-5c71-4cb0-bed6-b89121897c83|Motor Ligado (PG)                             |Obramax - Gerador ligado           |Bomba Ligada            |CRITICAL|false       |true   |2026-05-19 02:07:31.000|2026-05-19 02:07:31.000|2026-05-19 02:14:55.000|        0.0|68c8aee1-f143-11ef-a212-67802bff4221|
32ba91ef-1278-4436-8094-7efa59c0c89b|Motor Ligado (PG)                             |Obramax - Gerador ligado           |Bomba Ligada            |CRITICAL|false       |true   |2026-05-19 02:00:07.000|2026-05-19 02:00:07.000|2026-05-19 02:07:24.000|        0.0|68c8aee1-f143-11ef-a212-67802bff4221|
3f98a887-198b-40ea-9e87-92159ffa8a98|Motor Ligado (PG)                             |Obramax - Gerador ligado           |Bomba Ligada            |CRITICAL|false       |true   |2026-05-19 01:52:36.000|2026-05-19 01:52:36.000|2026-05-19 02:00:01.000|        0.0|68c8aee1-f143-11ef-a212-67802bff4221|
68b069fe-af3d-492b-b859-da1cce85c9b9|Motor Ligado (PG)                             |Obramax - Gerador ligado           |Bomba Ligada            |CRITICAL|false       |true   |2026-05-19 01:44:52.000|2026-05-19 01:44:52.000|2026-05-19 01:52:30.000|        0.0|68c8aee1-f143-11ef-a212-67802bff4221|
4b4b2942-2d09-4885-80e2-b1c4a77efdd2|Motor Ligado (PG)                             |Obramax - Gerador ligado           |Bomba Ligada            |CRITICAL|false       |true   |2026-05-19 01:37:22.000|2026-05-19 01:37:22.000|2026-05-19 01:44:45.000|        0.0|68c8aee1-f143-11ef-a212-67802bff4221|
c340b081-c116-46a4-91a9-fbe654d011cf|Motor Ligado (PG)                             |Obramax - Gerador ligado           |Bomba Ligada            |CRITICAL|false       |true   |2026-05-19 01:29:44.000|2026-05-19 01:29:44.000|2026-05-19 01:37:15.000|        0.0|68c8aee1-f143-11ef-a212-67802bff4221|
4662a180-04d0-4b42-b7ac-0e4d90a1528c|Motor Ligado (PG)                             |Obramax - Gerador ligado           |Bomba Ligada            |CRITICAL|false       |true   |2026-05-19 01:22:14.000|2026-05-19 01:22:14.000|2026-05-19 01:29:37.000|        0.0|68c8aee1-f143-11ef-a212-67802bff4221|
332106a3-194e-4126-8c36-da8e73d98001|Motor Ligado (PG)                             |Obramax - Gerador ligado           |Bomba Ligada            |CRITICAL|false       |true   |2026-05-19 01:14:43.000|2026-05-19 01:14:43.000|2026-05-19 01:22:06.000|        0.0|68c8aee1-f143-11ef-a212-67802bff4221|
188092de-5074-4f55-ad76-679292b67a85|Motor Ligado (PG)                             |Obramax - Gerador ligado           |Bomba Ligada            |CRITICAL|false       |true   |2026-05-19 01:07:54.000|2026-05-19 01:07:54.000|2026-05-19 01:14:36.000|        0.0|68c8aee1-f143-11ef-a212-67802bff4221|
a6a5f6aa-9644-4482-9ead-69552c974a57|Motor Ligado (PG)                             |Obramax - Gerador ligado           |Bomba Ligada            |CRITICAL|false       |true   |2026-05-19 01:00:30.000|2026-05-19 01:00:30.000|2026-05-19 01:07:47.000|        0.0|68c8aee1-f143-11ef-a212-67802bff4221|
bcb314b0-2c26-4e6f-a841-36d7c1f3d51e|Motor Ligado (PG)                             |Obramax - Gerador ligado           |Bomba Ligada            |CRITICAL|false       |true   |2026-05-19 00:52:52.000|2026-05-19 00:52:52.000|2026-05-19 01:00:23.000|        0.0|68c8aee1-f143-11ef-a212-67802bff4221|
d455cf0d-f04d-40b1-a5ac-856049a9fdd9|Motor Ligado (PG)                             |Obramax - Gerador ligado           |Bomba Ligada            |CRITICAL|false       |true   |2026-05-19 00:45:22.000|2026-05-19 00:45:22.000|2026-05-19 00:52:46.000|        0.0|68c8aee1-f143-11ef-a212-67802bff4221|
ac02616f-7c34-4f47-af75-e9873f853b56|Motor Ligado (PG)                             |Obramax - Gerador ligado           |Bomba Ligada            |CRITICAL|false       |true   |2026-05-19 00:37:44.000|2026-05-19 00:37:44.000|2026-05-19 00:45:15.000|        0.0|68c8aee1-f143-11ef-a212-67802bff4221|
82eb959b-c724-4a3d-a327-d29b7d76090f|Motor Ligado (PG)                             |Obramax - Gerador ligado           |Bomba Ligada            |CRITICAL|false       |true   |2026-05-19 00:30:28.000|2026-05-19 00:30:28.000|2026-05-19 00:37:37.000|        0.0|68c8aee1-f143-11ef-a212-67802bff4221|
fb9adc56-eead-43ba-9c84-2d9578311aa6|Motor Ligado (PG)                             |Obramax - Gerador ligado           |Bomba Ligada            |CRITICAL|false       |true   |2026-05-19 00:22:57.000|2026-05-19 00:22:57.000|2026-05-19 00:30:21.000|        0.0|68c8aee1-f143-11ef-a212-67802bff4221|
edef2211-6496-4a73-a5e3-3ee248360586|Motor Ligado (PG)                             |Obramax - Gerador ligado           |Bomba Ligada            |CRITICAL|false       |true   |2026-05-19 00:15:27.000|2026-05-19 00:15:27.000|2026-05-19 00:22:50.000|        0.0|68c8aee1-f143-11ef-a212-67802bff4221|
7c2c1056-ab76-4f57-b144-c4b7fe008dcd|Motor Ligado (PG)                             |Obramax - Gerador ligado           |Bomba Ligada            |CRITICAL|false       |true   |2026-05-19 00:07:49.000|2026-05-19 00:07:49.000|2026-05-19 00:15:20.000|        0.0|68c8aee1-f143-11ef-a212-67802bff4221|
006a3642-23b5-41dd-9d0c-b66fda67d3af|Motor Ligado (PG)                             |Obramax - Gerador ligado           |Bomba Ligada            |CRITICAL|false       |true   |2026-05-19 00:00:11.000|2026-05-19 00:00:11.000|2026-05-19 00:07:42.000|        0.0|68c8aee1-f143-11ef-a212-67802bff4221|
2c3cf2c1-301c-44e4-b845-c9b43da0dc64|Motor Ligado (PG)                             |Obramax - Gerador ligado           |Bomba Ligada            |CRITICAL|false       |true   |2026-05-18 23:51:59.000|2026-05-18 23:51:59.000|2026-05-18 23:59:44.000|        0.0|68c8aee1-f143-11ef-a212-67802bff4221|
447127bc-c691-4307-b261-d31932a1da70|Motor Ligado (PG)                             |Obramax - Gerador ligado           |Bomba Ligada            |CRITICAL|false       |true   |2026-05-18 23:44:29.000|2026-05-18 23:44:29.000|2026-05-18 23:51:52.000|        0.0|68c8aee1-f143-11ef-a212-67802bff4221|
c65e44e7-655c-4eb2-8246-1126707da045|Motor Ligado (PG)                             |Obramax - Gerador ligado           |Bomba Ligada            |CRITICAL|false       |true   |2026-05-18 23:36:51.000|2026-05-18 23:36:51.000|2026-05-18 23:44:22.000|        0.0|68c8aee1-f143-11ef-a212-67802bff4221|
ca49186b-9a41-442e-89cc-91b44ad547fe|Motor Ligado (PG)                             |Obramax - Gerador ligado           |Bomba Ligada            |CRITICAL|false       |true   |2026-05-18 23:29:34.000|2026-05-18 23:29:34.000|2026-05-18 23:36:44.000|        0.0|68c8aee1-f143-11ef-a212-67802bff4221|
577b8e2e-12f6-48f8-9209-d49577dafca9|Motor Ligado (PG)                             |Obramax - Gerador ligado           |Bomba Ligada            |CRITICAL|false       |true   |2026-05-18 23:22:10.000|2026-05-18 23:22:10.000|2026-05-18 23:29:28.000|        0.0|68c8aee1-f143-11ef-a212-67802bff4221|
5a15c4ad-9246-4d1c-908d-ab371146614c|Motor Ligado (PG)                             |Obramax - Gerador ligado           |Bomba Ligada            |CRITICAL|false       |true   |2026-05-18 23:14:47.000|2026-05-18 23:14:47.000|2026-05-18 23:22:04.000|        0.0|68c8aee1-f143-11ef-a212-67802bff4221|
05473e42-7cd3-4043-9b05-a6fe89aed337|Motor Ligado (PG)                             |Obramax - Gerador ligado           |Bomba Ligada            |CRITICAL|false       |true   |2026-05-18 23:07:37.000|2026-05-18 23:07:37.000|2026-05-18 23:14:40.000|        0.0|68c8aee1-f143-11ef-a212-67802bff4221|
5c0ba1b1-9661-401c-99ee-818e4c0bf065|Motor Ligado (PG)                             |Obramax - Gerador ligado           |Bomba Ligada            |CRITICAL|false       |true   |2026-05-18 23:00:20.000|2026-05-18 23:00:20.000|2026-05-18 23:07:09.000|        0.0|68c8aee1-f143-11ef-a212-67802bff4221|
f34bde67-94f0-48cb-a133-1f911a41ddac|Motor Ligado (PG)                             |Obramax - Gerador ligado           |Bomba Ligada            |CRITICAL|false       |true   |2026-05-18 22:52:57.000|2026-05-18 22:52:57.000|2026-05-18 23:00:14.000|        0.0|68c8aee1-f143-11ef-a212-67802bff4221|
aee0ec98-5428-4992-8bd5-a8ed70af335a|Motor Ligado (PG)                             |Obramax - Gerador ligado           |Bomba Ligada            |CRITICAL|false       |true   |2026-05-18 22:45:26.000|2026-05-18 22:45:26.000|2026-05-18 22:52:50.000|        0.0|68c8aee1-f143-11ef-a212-67802bff4221|
2f37cf44-2d45-4a84-8b22-05847bf6c4e4|Motor Ligado (PG)                             |Obramax - Gerador ligado           |Bomba Ligada            |CRITICAL|false       |true   |2026-05-18 22:37:49.000|2026-05-18 22:37:49.000|2026-05-18 22:45:19.000|        0.0|68c8aee1-f143-11ef-a212-67802bff4221|
37464c6b-1221-4f8b-9468-cd0a404fee40|Motor Ligado (PG)                             |Obramax - Gerador ligado           |Bomba Ligada            |CRITICAL|false       |true   |2026-05-18 22:30:11.000|2026-05-18 22:30:11.000|2026-05-18 22:37:42.000|        0.0|68c8aee1-f143-11ef-a212-67802bff4221|
9217b80e-6f7d-45eb-9fa6-d7f48c8b2c08|Motor Ligado (PG)                             |Obramax - Gerador ligado           |Bomba Ligada            |CRITICAL|false       |true   |2026-05-18 22:22:47.000|2026-05-18 22:22:47.000|2026-05-18 22:30:04.000|        0.0|68c8aee1-f143-11ef-a212-67802bff4221|
56f98fcc-e901-44b1-9147-5d59874fcc1c|Motor Ligado (PG)                             |Obramax - Gerador ligado           |Bomba Ligada            |CRITICAL|false       |true   |2026-05-18 22:15:24.000|2026-05-18 22:15:24.000|2026-05-18 22:22:41.000|        0.0|68c8aee1-f143-11ef-a212-67802bff4221|
f206ce36-771f-4b78-af21-c632ef6a1b3c|Motor Ligado (PG)                             |Obramax - Gerador ligado           |Bomba Ligada            |CRITICAL|false       |true   |2026-05-18 22:07:53.000|2026-05-18 22:07:53.000|2026-05-18 22:15:17.000|        0.0|68c8aee1-f143-11ef-a212-67802bff4221|
dcc10f1a-b111-4001-a2c5-f66d76aeac3a|Motor Ligado (PG)                             |Obramax - Gerador ligado           |Bomba Ligada            |CRITICAL|false       |true   |2026-05-18 22:00:15.000|2026-05-18 22:00:15.000|2026-05-18 22:07:46.000|        0.0|68c8aee1-f143-11ef-a212-67802bff4221|
e2f8023e-c0d3-4357-b58d-fdd883f43654|Motor Ligado (PG)                             |Obramax - Gerador ligado           |Bomba Ligada            |CRITICAL|false       |true   |2026-05-18 21:52:45.000|2026-05-18 21:52:45.000|2026-05-18 22:00:09.000|        0.0|68c8aee1-f143-11ef-a212-67802bff4221|
2c7130d3-fbed-40c1-bdd1-918b796f97b5|Motor Ligado (PG)                             |Obramax - Gerador ligado           |Bomba Ligada            |CRITICAL|false       |true   |2026-05-18 21:45:14.000|2026-05-18 21:45:14.000|2026-05-18 21:52:38.000|        0.0|68c8aee1-f143-11ef-a212-67802bff4221|
c6493bac-38a2-4faa-9d7a-6b696d72aa57|Motor Ligado (PG)                             |Obramax - Gerador ligado           |Bomba Ligada            |CRITICAL|false       |true   |2026-05-18 21:37:23.000|2026-05-18 21:37:23.000|2026-05-18 21:45:07.000|        0.0|68c8aee1-f143-11ef-a212-67802bff4221|
1e02842c-f589-430c-a464-7171e9e5f373|Motor Ligado (PG)                             |Obramax - Gerador ligado           |Bomba Ligada            |CRITICAL|false       |true   |2026-05-18 21:29:52.000|2026-05-18 21:29:52.000|2026-05-18 21:37:17.000|        0.0|68c8aee1-f143-11ef-a212-67802bff4221|
c530be54-8da8-42ee-bc91-7f37d61851d8|Motor Ligado (PG)                             |Obramax - Gerador ligado           |Bomba Ligada            |CRITICAL|false       |true   |2026-05-18 21:22:29.000|2026-05-18 21:22:29.000|2026-05-18 21:29:46.000|        0.0|68c8aee1-f143-11ef-a212-67802bff4221|
32581479-5392-4c2d-a331-ee8a2bc1acf5|Motor Ligado (PG)                             |Obramax - Gerador ligado           |Bomba Ligada            |CRITICAL|false       |true   |2026-05-18 21:14:51.000|2026-05-18 21:14:51.000|2026-05-18 21:22:22.000|        0.0|68c8aee1-f143-11ef-a212-67802bff4221|
f8de120c-7019-4c9b-9a11-dd4b64209f98|Motor Ligado (PG)                             |Obramax - Gerador ligado           |Bomba Ligada            |CRITICAL|false       |true   |2026-05-18 21:07:20.000|2026-05-18 21:07:20.000|2026-05-18 21:14:44.000|        0.0|68c8aee1-f143-11ef-a212-67802bff4221|
b87fd098-173e-437b-bd14-26473d37c6aa|Motor Ligado (PG)                             |Obramax - Gerador ligado           |Bomba Ligada            |CRITICAL|false       |true   |2026-05-18 20:59:09.000|2026-05-18 20:59:09.000|2026-05-18 21:07:14.000|        0.0|68c8aee1-f143-11ef-a212-67802bff4221|
6b9184d9-9a29-46e8-be9a-fbb7ada33ad5|Motor Ligado (PG)                             |Obramax - Gerador ligado           |Bomba Ligada            |CRITICAL|false       |true   |2026-05-18 20:51:24.000|2026-05-18 20:51:24.000|2026-05-18 20:59:02.000|        0.0|68c8aee1-f143-11ef-a212-67802bff4221|
657e75f5-2eac-4d01-a9db-b5d5046bbb86|Motor Ligado (PG)                             |Obramax - Gerador ligado           |Bomba Ligada            |CRITICAL|false       |true   |2026-05-18 20:44:00.000|2026-05-18 20:44:00.000|2026-05-18 20:51:17.000|        0.0|68c8aee1-f143-11ef-a212-67802bff4221|
1bde13a6-442a-4e7c-8cae-5ca5359a0a77|Motor Ligado (PG)                             |Obramax - Gerador ligado           |Bomba Ligada            |CRITICAL|false       |true   |2026-05-18 20:36:23.000|2026-05-18 20:36:23.000|2026-05-18 20:43:53.000|        0.0|68c8aee1-f143-11ef-a212-67802bff4221|
15020e23-f5cd-4631-8630-ad9882d19585|Motor Ligado (PG)                             |Obramax - Gerador ligado           |Bomba Ligada            |CRITICAL|false       |true   |2026-05-18 20:28:59.000|2026-05-18 20:28:59.000|2026-05-18 20:36:16.000|        0.0|68c8aee1-f143-11ef-a212-67802bff4221|
262034cf-7709-473d-9ae1-b9e736530bad|Motor Ligado (PG)                             |Obramax - Gerador ligado           |Bomba Ligada            |CRITICAL|false       |true   |2026-05-18 20:21:22.000|2026-05-18 20:21:22.000|2026-05-18 20:28:53.000|        0.0|68c8aee1-f143-11ef-a212-67802bff4221|
285dff17-69a4-433c-b370-6fe6af53cb6f|Motor Ligado (PG)                             |Obramax - Gerador ligado           |Bomba Ligada            |CRITICAL|false       |true   |2026-05-18 20:13:51.000|2026-05-18 20:13:51.000|2026-05-18 20:21:16.000|        0.0|68c8aee1-f143-11ef-a212-67802bff4221|
5a5525d5-115a-4855-924a-5d617d0d863e|Motor Ligado (PG)                             |Obramax - Gerador ligado           |Bomba Ligada            |CRITICAL|false       |true   |2026-05-18 20:06:14.000|2026-05-18 20:06:14.000|2026-05-18 20:13:44.000|        0.0|68c8aee1-f143-11ef-a212-67802bff4221|
db5d642b-1b23-4e46-8e09-029419c1ee74|Motor Ligado (PG)                             |Obramax - Gerador ligado           |Bomba Ligada            |CRITICAL|false       |true   |2026-05-18 19:58:37.000|2026-05-18 19:58:37.000|2026-05-18 20:06:07.000|        0.0|68c8aee1-f143-11ef-a212-67802bff4221|
3b967d51-1341-4f00-8c5d-193a5c3769f5|Motor Ligado (PG)                             |Obramax - Gerador ligado           |Bomba Ligada            |CRITICAL|false       |true   |2026-05-18 19:50:58.000|2026-05-18 19:50:58.000|2026-05-18 19:58:29.000|        0.0|68c8aee1-f143-11ef-a212-67802bff4221|
e807c1f1-9c62-41ef-8726-5f224796a210|Motor Ligado (PG)                             |Obramax - Gerador ligado           |Bomba Ligada            |CRITICAL|false       |true   |2026-05-18 19:43:35.000|2026-05-18 19:43:35.000|2026-05-18 19:50:52.000|        0.0|68c8aee1-f143-11ef-a212-67802bff4221|
8ab60d8e-7a37-4b93-83f9-3ced0f1e5882|Motor Ligado (PG)                             |Obramax - Gerador ligado           |Bomba Ligada            |CRITICAL|false       |true   |2026-05-18 19:36:26.000|2026-05-18 19:36:26.000|2026-05-18 19:43:28.000|        0.0|68c8aee1-f143-11ef-a212-67802bff4221|
a45494cd-c472-481b-89f9-db1be28a1d71|Motor Ligado (PG)                             |Obramax - Gerador ligado           |Bomba Ligada            |CRITICAL|false       |true   |2026-05-18 19:29:09.000|2026-05-18 19:29:09.000|2026-05-18 19:35:57.000|        0.0|68c8aee1-f143-11ef-a212-67802bff4221|
1e4353db-beaa-4978-bb31-0b16adfc3284|Motor Ligado (PG)                             |Obramax - Gerador ligado           |Bomba Ligada            |CRITICAL|false       |true   |2026-05-18 19:21:31.000|2026-05-18 19:21:31.000|2026-05-18 19:29:02.000|        0.0|68c8aee1-f143-11ef-a212-67802bff4221|
b476d498-b888-4cc9-ae92-06c398af219a|Motor Ligado (PG)                             |Obramax - Gerador ligado           |Bomba Ligada            |CRITICAL|false       |true   |2026-05-18 19:14:07.000|2026-05-18 19:14:07.000|2026-05-18 19:21:24.000|        0.0|68c8aee1-f143-11ef-a212-67802bff4221|
4f61ae44-9ab9-4f7c-8382-ec8e7461575f|Motor Ligado (PG)                             |Obramax - Gerador ligado           |Bomba Ligada            |CRITICAL|false       |true   |2026-05-18 19:06:36.000|2026-05-18 19:06:36.000|2026-05-18 19:14:00.000|        0.0|68c8aee1-f143-11ef-a212-67802bff4221|
3deeb1e1-3ba2-421d-a899-d4e93a2020d5|Motor Ligado (PG)                             |Obramax - Gerador ligado           |Bomba Ligada            |CRITICAL|false       |true   |2026-05-18 18:58:52.000|2026-05-18 18:58:52.000|2026-05-18 19:06:30.000|        0.0|68c8aee1-f143-11ef-a212-67802bff4221|
ce1a40a2-a459-4f4b-9b67-5cfa88c2ea06|Motor Ligado (PG)                             |Obramax - Gerador ligado           |Bomba Ligada            |CRITICAL|false       |true   |2026-05-18 18:51:35.000|2026-05-18 18:51:35.000|2026-05-18 18:58:45.000|        0.0|68c8aee1-f143-11ef-a212-67802bff4221|
da7f268d-5ceb-44da-afa9-2c40daac99a8|Motor Ligado (PG)                             |Obramax - Gerador ligado           |Bomba Ligada            |CRITICAL|false       |true   |2026-05-18 18:44:04.000|2026-05-18 18:44:04.000|2026-05-18 18:51:29.000|        0.0|68c8aee1-f143-11ef-a212-67802bff4221|
587e217e-1bd7-47e6-a04a-b117ddfa8aa0|Motor Ligado (PG)                             |Obramax - Gerador ligado           |Bomba Ligada            |CRITICAL|false       |true   |2026-05-18 18:36:34.000|2026-05-18 18:36:34.000|2026-05-18 18:43:58.000|        0.0|68c8aee1-f143-11ef-a212-67802bff4221|
20426452-7a32-4892-bd72-6d5c2701598a|Motor Ligado (PG)                             |Obramax - Gerador ligado           |Bomba Ligada            |CRITICAL|false       |true   |2026-05-18 18:28:50.000|2026-05-18 18:28:50.000|2026-05-18 18:36:27.000|        0.0|68c8aee1-f143-11ef-a212-67802bff4221|
b272b3fe-94cd-4c0c-9e4f-39d635575b6c|Motor Ligado (PG)                             |Obramax - Gerador ligado           |Bomba Ligada            |CRITICAL|false       |true   |2026-05-18 18:21:26.000|2026-05-18 18:21:26.000|2026-05-18 18:28:43.000|        0.0|68c8aee1-f143-11ef-a212-67802bff4221|
ddc44e5c-1246-466b-b285-adf58f33e5f2|Motor Ligado (PG)                             |Obramax - Gerador ligado           |Bomba Ligada            |CRITICAL|false       |true   |2026-05-18 18:14:02.000|2026-05-18 18:14:02.000|2026-05-18 18:21:19.000|        0.0|68c8aee1-f143-11ef-a212-67802bff4221|
6d3255b8-1300-4b0d-82c0-340af81bce92|Motor Ligado (PG)                             |Obramax - Gerador ligado           |Bomba Ligada            |CRITICAL|false       |true   |2026-05-18 18:07:48.000|2026-05-18 18:07:48.000|2026-05-18 18:13:35.000|        0.0|68c8aee1-f143-11ef-a212-67802bff4221|
d88e9ad4-2ccb-4503-af25-d83b7a7f62e5|Motor Ligado (PG)                             |Obramax - Gerador ligado           |Bomba Ligada            |CRITICAL|false       |true   |2026-05-18 18:06:05.000|2026-05-18 18:06:08.000|2026-05-18 18:07:42.000|        2.9|68c8aee1-f143-11ef-a212-67802bff4221|
419c9395-ada2-4184-a73c-465baf875c2b|Reuso (PG)                                    |Obramax - Nível Caixa D'agua       |Nível Mínimo Atingido   |CRITICAL|false       |true   |2026-05-18 18:06:03.000|2026-05-18 18:11:01.000|2026-05-18 18:14:01.000|      298.5|dfdabc80-f38c-11ef-a212-67802bff4221|
26ae0e02-fe67-4304-8f94-f1c1c29a1c8f|Auto. Selet. 50% Drive e Cer (G) (PG)         |Obramax - Chaves Seletoras         |Chave seletora em manual|MAJOR   |false       |true   |2026-05-18 18:06:02.000|2026-05-18 18:06:02.000|2026-05-18 18:10:08.000|        0.0|21f50110-ec69-11ee-9378-6b50e3ef4c75|
349c79d6-1049-4646-b95c-22bef3f7bf8f|Auto. Selet. 50% Drive e Cer (H) (PG)         |Obramax - Chaves Seletoras         |Chave seletora em manual|MAJOR   |false       |true   |2026-05-18 18:06:02.000|2026-05-18 18:06:02.000|2026-05-18 18:10:08.000|        0.0|21f74b00-ec69-11ee-9378-6b50e3ef4c75|
121ea7ad-0a58-483f-9b6a-e69be1d3ef98|Auto. Selet. 50% Central e Fundo Loja (F) (PG)|Obramax - Chaves Seletoras         |Chave seletora em manual|MAJOR   |false       |true   |2026-05-18 18:06:02.000|2026-05-18 18:06:03.000|2026-05-18 18:08:23.000|        1.2|21cdf110-ec69-11ee-9378-6b50e3ef4c75|
53188d79-8e56-4dd0-a0c4-5dc660e992cb|Auto. Selet. 50% Central e Fundo Loja (E) (PG)|Obramax - Chaves Seletoras         |Chave seletora em manual|MAJOR   |false       |true   |2026-05-18 18:06:02.000|2026-05-18 18:06:04.000|2026-05-18 18:08:23.000|        2.8|21cba720-ec69-11ee-9378-6b50e3ef4c75|
162350b5-ea6f-4fed-950d-aed5333fed63|Auto. Selet. 50% Frente Loja (D) (PG)         |Obramax - Chaves Seletoras         |Chave seletora em manual|MAJOR   |false       |true   |2026-05-18 18:06:01.000|2026-05-18 18:06:02.000|2026-05-18 18:07:06.000|        1.4|221ea920-ec69-11ee-9378-6b50e3ef4c75|
53722f3e-05ed-4c37-adab-6f75391b32b1|Auto. Selet. 50% Frente Loja (C) (PG)         |Obramax - Chaves Seletoras         |Chave seletora em manual|MAJOR   |false       |true   |2026-05-18 18:06:01.000|2026-05-18 18:06:02.000|2026-05-18 18:07:06.000|        1.4|221affa0-ec69-11ee-9378-6b50e3ef4c75|
ff8e5922-b9aa-4f62-9bd8-8b195abbffe0|Auto. Selet. Ilum Externa (I) (PG)            |Obramax - Chaves Seletoras         |Chave seletora em manual|MAJOR   |false       |true   |2026-05-18 18:06:01.000|2026-05-18 18:06:02.000|2026-05-18 18:09:04.000|        0.9|3811af70-ead9-11ee-8327-cfc6eea1d65a|
db658abb-c488-4199-8e47-ec2aa048e1de|Potável (PG)                                  |Obramax - Nível Caixa D'agua       |Nível Máximo Atingido   |CRITICAL|false       |true   |2026-05-18 07:06:41.000|2026-05-18 07:06:41.000|2026-05-18 07:17:47.000|        0.0|dc6f08d0-f38c-11ef-a212-67802bff4221|
